// Jest Snapshot v1, https://goo.gl/fbAQLP

exports[`uavtest NodeStatus 1`] = `
Object {
  "health": 0,
  "mode": 0,
  "subMode": 0,
  "uptimeSec": 202247936,
  "vendorSpecificStatusCode": 0,
}
`;

exports[`uavtest gps 1`] = `
Object {
  "commandMode": 14,
  "gimbalId": 12,
  "heightCm": 0,
  "heightReference": 0,
  "latitudeDeg1E7": 0,
  "longitudeDeg1E7": 251658240,
}
`;

exports[`uavtest requestParameter 1`] = `
Object {
  "Value0": 0,
  "index": 0,
  "name": Array [
    192,
  ],
  "value": 0,
}
`;

exports[`uavtest responseParameter 1`] = `
Object {
  "NumericValue2": 0,
  "NumericValue3": 0,
  "Value0": 0,
  "Value1": 0,
  "defaultValue": 0,
  "maxValue": 0,
  "minValue": 0,
  "name": Array [
    0,
    0,
    0,
    0,
    0,
    0,
    0,
    0,
  ],
  "value": 0,
  "void0": 0,
  "void1": 0,
  "void2": 0,
  "void3": 0,
}
`;
