// Jest Snapshot v1, https://goo.gl/fbAQLP

exports[`uavtest gps 1`] = `
Object {
  "commandMode": 14,
  "gimbalId": 12,
  "heightCm": 0,
  "heightReference": 0,
  "latitudeDeg1E7": 0,
  "longitudeDeg1E7": 15,
}
`;

exports[`uavtest requestParam 1`] = `
Object {
  "Value0": 1,
  "index": 1,
  "name": Array [
    0,
    0,
    0,
    0,
    0,
    0,
    0,
    0,
  ],
  "value": 123n,
}
`;

exports[`uavtest responseParam 1`] = `0`;
